DRMS_DATABASE              q:DBNAME
WEB_DBUSER                 q:WEB_DBUSER
DBSERVER_HOST              q:SERVER
DRMS_DBPORT                q:DRMSPGPORT
USER                       a:USER
PASSWD                     a:PASSWD
DRMS_SITE_CODE             a:DRMS_LOCAL_SITE_CODE
POSTGRES_ADMIN             q:POSTGRES_ADMIN
SUMS_MANAGER               q:SUMS_MANAGER
SUMS_MANAGER_UID           q:SUMS_MANAGER_UID
SUMS_GROUP                 q:SUMS_GROUP
SUMS_SERVER_HOST           q:SUMSERVER
SUMS_DB_HOST               q:SUMS_DB_HOST
SUMS_DBPORT                q:SUMPGPORT
SUM_NUMSUM                 a:SUM_NUMSUM
SUM_MAXNUMSUM              a:SUM_MAXNUMSUM
SUMS_MULTIPLE_PARTNSETS    a:SUMS_MULTIPLE_PARTNSETS
SUMS_LOG_BASEDIR           q:SUMLOG_BASEDIR
SUMS_BIN_BASEDIR           q:SUMBIN_BASEDIR
SUMS_TAPE_AVAILABLE        p:SUMS_TAPE_AVAILABLE
AUTOSELCOMP                a:AUTOSELCOMP
SUMEXP_METHFMT             a:LOC_SUMEXP_METHFMT
SUMEXP_USERFMT             a:LOC_SUMEXP_USERFMT
SUMEXP_HOSTFMT             a:LOC_SUMEXP_HOSTFMT
SUMEXP_PORTFMT             a:LOC_SUMEXP_PORTFMT
LOCALIZATIONDIR            q:LOCALIZATIONDIR
PRODUSER_DBHOST            q:PRODUSER_DBHOST
PRODUSER_DBNAME            q:PRODUSER_DBNAME
PRODUSER_PRODTAB           q:PRODUSER_PRODTAB
PRODUSER_COLUSER           q:PRODUSER_COLUSER
SUMRM_PART_PERCENT_FREE    q:SUMRM_PART_PERCENT_FREE
SUMRM_SLEEP                q:SUMRM_SLEEP
SUMRM_LOG                  q:SUMRM_LOG
SUMRM_MAIL                 q:SUMRM_MAIL
SUMRM_NOOP                 q:SUMRM_NOOP
SUMRM_USER                 q:SUMRM_USER
SUMRM_NORUN_START          q:SUMRM_NORUN_START
SUMRM_NORUN_STOP           q:SUMRM_NORUN_STOP
JMD_IS_INSTALLED           p:JMD_IS_INSTALLED
JMD_URL                    q:JMD_URL
RS_SITE_TABLE              q:RS_SITE_TABLE
RS_REQUEST_TABLE           q:RS_REQUEST_TABLE
RS_SU_TABLE                q:RS_SU_TABLE
RS_DBNAME                  q:RS_DBNAME
RS_DBHOST                  q:RS_DBHOST
RS_DBPORT                  a:RS_DBPORT
RS_DBUSER                  q:RS_DBUSER
RS_LOCKFILE                q:RS_LOCKFILE
RS_LOGDIR                  q:RS_LOGDIR
RS_DLTIMEOUT               a:RS_DLTIMEOUT
RS_REQTIMEOUT              a:RS_REQTIMEOUT
RS_MAXTHREADS              a:RS_MAXTHREADS
RS_BINPATH                 q:RS_BINPATH
RS_N_WORKERS               q:RS_N_WORKERS
WL_HASWL                   a:WL_HASWL
WL_FILE                    q:WL_FILE
BIN_EXPORT                 q:BIN_EXPORT
SCRIPTS_EXPORT                 q:SCRIPTS_EXPORT
BIN_PY                     q:BIN_PY
REGEMAIL_TIMEOUT           a:REGEMAIL_TIMEOUT
SUMS_USEMTSUMS             a:SUMS_USEMTSUMS
SUMSD_MAX_THREADS          a:SUMSD_MAX_THREADS
SUMSD_LISTENPORT           a:SUMSD_LISTENPORT
SLONY_CONFIG               q:SLONY_CONFIG
