DRMS_DATABASE                     q:DBNAME
WEB_DBUSER                        q:WEB_DBUSER
DBSERVER_HOST                     q:SERVER
DRMS_DBPORT                       q:DRMSPGPORT
USER                              a:USER
PASSWD                            a:PASSWD
DRMS_SITE_CODE                    a:DRMS_LOCAL_SITE_CODE
DRMS_LOG_DIR                      q:DRMS_LOG_DIR
DRMS_LOCK_DIR                     q:DRMS_LOCK_DIR
POSTGRES_ADMIN                    q:POSTGRES_ADMIN
SUMS_MANAGER                      q:SUMS_MANAGER
SUMS_MANAGER_UID                  q:SUMS_MANAGER_UID
DRMS_ADMIN_DB_USER                q:DRMS_ADMIN_DB_USER
SUMS_READONLY_DB_USER             q:SUMS_READONLY_DB_USER
SUMS_GROUP                        q:SUMS_GROUP
SUMS_SERVER_HOST                  q:SUMSERVER
SUMS_DB_HOST                      q:SUMS_DB_HOST
SUMS_DBPORT                       q:SUMPGPORT
SUM_NUMSUM                        a:SUM_NUMSUM
SUM_MAXNUMSUM                     a:SUM_MAXNUMSUM
SUMS_MULTIPLE_PARTNSETS           a:SUMS_MULTIPLE_PARTNSETS
SUMS_LOG_BASEDIR                  q:SUMLOG_BASEDIR
SUMS_BIN_BASEDIR                  q:SUMBIN_BASEDIR
SUMS_TAPE_AVAILABLE               p:SUMS_TAPE_AVAILABLE
AUTOSELCOMP                       a:AUTOSELCOMP
SUMEXP_METHFMT                    a:LOC_SUMEXP_METHFMT
SUMEXP_USERFMT                    a:LOC_SUMEXP_USERFMT
SUMEXP_HOSTFMT                    a:LOC_SUMEXP_HOSTFMT
SUMEXP_PORTFMT                    a:LOC_SUMEXP_PORTFMT
LOCALIZATIONDIR                   q:LOCALIZATIONDIR
PRODUSER_DBHOST                   q:PRODUSER_DBHOST
PRODUSER_DBNAME                   q:PRODUSER_DBNAME
PRODUSER_PRODTAB                  q:PRODUSER_PRODTAB
PRODUSER_COLUSER                  q:PRODUSER_COLUSER
SUMRM_PART_PERCENT_FREE           q:SUMRM_PART_PERCENT_FREE
SUMRM_SLEEP                       q:SUMRM_SLEEP
SUMRM_LOG                         q:SUMRM_LOG
SUMRM_MAIL                        q:SUMRM_MAIL
SUMRM_NOOP                        q:SUMRM_NOOP
SUMRM_USER                        q:SUMRM_USER
SUMRM_NORUN_START                 q:SUMRM_NORUN_START
SUMRM_NORUN_STOP                  q:SUMRM_NORUN_STOP
JMD_IS_INSTALLED                  p:JMD_IS_INSTALLED
JMD_URL                           q:JMD_URL
RS_SITE_INFO_URL                  q:RS_SITE_INFO_URL
RS_SITE_TABLE                     q:RS_SITE_TABLE
RS_REQUEST_TABLE                  q:RS_REQUEST_TABLE
RS_SU_TABLE                       q:RS_SU_TABLE
RS_DBNAME                         q:RS_DBNAME
RS_DBHOST                         q:RS_DBHOST
RS_DBPORT                         a:RS_DBPORT
RS_DBUSER                         q:RS_DBUSER
RS_LOCKFILE                       q:RS_LOCKFILE
RS_LOGDIR                         q:RS_LOGDIR
RS_DLTIMEOUT                      a:RS_DLTIMEOUT
RS_REQTIMEOUT                     a:RS_REQTIMEOUT
RS_MAXTHREADS                     a:RS_MAXTHREADS
RS_BINPATH                        q:RS_BINPATH
RS_N_WORKERS                      a:RS_N_WORKERS
RS_TMPDIR                         q:RS_TMPDIR
RS_SCP_MAXSUS                     a:RS_SCP_MAXSUS
RS_SCP_MAXPAYLOAD                 a:RS_SCP_MAXPAYLOAD
RS_SCP_TIMEOUT                    a:RS_SCP_TIMEOUT
RS_SU_EXPIRATION                  q:RS_SU_EXPIRATION
RS_SU_LIFESPAN                    a:RS_SU_LIFESPAN
RS_SU_ARCHIVE                     q:RS_SU_ARCHIVE
RS_SU_TAPEGROUP                   a:RS_SU_TAPEGROUP
RSCLIENT_TIMEOUT                  a:RSCLIENT_TIMEOUT
SS_LOCKFILE                       q:SS_LOCKFILE
SS_LOW_WATER                      a:SS_LOW_WATER
SS_HIGH_WATER                     a:SS_HIGH_WATER
SS_SU_CHUNK                       a:SS_SU_CHUNK
SS_SLEEP_INTERVAL                 a:SS_SLEEP_INTERVAL
SS_REHYDRATE_INTERVAL             a:SS_REHYDRATE_INTERVAL
WL_HASWL                          a:WL_HASWL
WL_FILE                           q:WL_FILE
BIN_EXPORT                        q:BIN_EXPORT
SCRIPTS_EXPORT                    q:SCRIPTS_EXPORT
EXPORT_LOG_DIR                    q:EXPORT_LOG_DIR
EXPORT_LOCK_DIR                   q:EXPORT_LOCK_DIR
EXPORT_HANDLE_DIR                 q:EXPORT_HANDLE_DIR
EXPORT_PENDING_REQUESTS_TABLE     a:EXPORT_PENDING_REQUESTS_TABLE
EXPORT_PENDING_REQUESTS_TIME_OUT  a:EXPORT_PENDING_REQUESTS_TIME_OUT
BIN_PY                            q:BIN_PY
BIN_PY3                           q:BIN_PY3
REGEMAIL_TIMEOUT                  a:REGEMAIL_TIMEOUT
SUMS_USEMTSUMS                    a:SUMS_USEMTSUMS
SUMS_USEMTSUMS_CONNECTION         a:SUMS_USEMTSUMS_CONNECTION
SUMS_USEMTSUMS_INFO               a:SUMS_USEMTSUMS_INFO
SUMS_USEMTSUMS_GET                a:SUMS_USEMTSUMS_GET
SUMS_USEMTSUMS_ALLOC              a:SUMS_USEMTSUMS_ALLOC
SUMS_USEMTSUMS_PUT                a:SUMS_USEMTSUMS_PUT
SUMS_USEMTSUMS_DELETESUS          a:SUMS_USEMTSUMS_DELETESUS
SUMS_USEMTSUMS_ALL                a:SUMS_USEMTSUMS_ALL
SUMSD_MAX_THREADS                 a:SUMSD_MAX_THREADS
SUMSD_LISTENPORT                  a:SUMSD_LISTENPORT
SLONY_CONFIG                      q:SLONY_CONFIG
POLCAL_PARAMS                     q:POLCAL_PARAMS
SUMS_MT_CLIENT_RESP_TIMEOUT       a:SUMS_MT_CLIENT_RESP_TIMEOUT
